{
  "version": "1.5.0",
  "plugins_used": [
    {
      "name": "ArtifactoryDetector"
    },
    {
      "name": "AWSKeyDetector"
    },
    {
      "name": "AzureStorageKeyDetector"
    },
    {
      "name": "Base64HighEntropyString",
      "limit": 4.5
    },
    {
      "name": "BasicAuthDetector"
    },
    {
      "name": "CloudantDetector"
    },
    {
      "name": "DiscordBotTokenDetector"
    },
    {
      "name": "GitHubTokenDetector"
    },
    {
      "name": "GitLabTokenDetector"
    },
    {
      "name": "HexHighEntropyString",
      "limit": 3.0
    },
    {
      "name": "IbmCloudIamDetector"
    },
    {
      "name": "IbmCosHmacDetector"
    },
    {
      "name": "IPPublicDetector"
    },
    {
      "name": "JwtTokenDetector"
    },
    {
      "name": "KeywordDetector",
      "keyword_exclude": ""
    },
    {
      "name": "MailchimpDetector"
    },
    {
      "name": "NpmDetector"
    },
    {
      "name": "OpenAIDetector"
    },
    {
      "name": "PrivateKeyDetector"
    },
    {
      "name": "PypiTokenDetector"
    },
    {
      "name": "SendGridDetector"
    },
    {
      "name": "SlackDetector"
    },
    {
      "name": "SoftlayerDetector"
    },
    {
      "name": "SquareOAuthDetector"
    },
    {
      "name": "StripeDetector"
    },
    {
      "name": "TelegramBotTokenDetector"
    },
    {
      "name": "TwilioKeyDetector"
    }
  ],
  "filters_used": [
    {
      "path": "detect_secrets.filters.allowlist.is_line_allowlisted"
    },
    {
      "path": "detect_secrets.filters.common.is_ignored_due_to_verification_policies",
      "min_level": 2
    },
    {
      "path": "detect_secrets.filters.heuristic.is_indirect_reference"
    },
    {
      "path": "detect_secrets.filters.heuristic.is_likely_id_string"
    },
    {
      "path": "detect_secrets.filters.heuristic.is_lock_file"
    },
    {
      "path": "detect_secrets.filters.heuristic.is_not_alphanumeric_string"
    },
    {
      "path": "detect_secrets.filters.heuristic.is_potential_uuid"
    },
    {
      "path": "detect_secrets.filters.heuristic.is_prefixed_with_dollar_sign"
    },
    {
      "path": "detect_secrets.filters.heuristic.is_sequential_string"
    },
    {
      "path": "detect_secrets.filters.heuristic.is_swagger_file"
    },
    {
      "path": "detect_secrets.filters.heuristic.is_templated_secret"
    },
    {
      "path": "detect_secrets.filters.regex.should_exclude_file",
      "pattern": [
        "\\.git|__pycache__|node_modules|tmp/|\\.venv|data/mem0_qdrant|\\.obsidian/plugins|skill-browser/dist"
      ]
    }
  ],
  "results": {
    ".agents\\config.toml": [
      {
        "type": "Secret Keyword",
        "filename": ".agents\\config.toml",
        "hashed_secret": "5ffe533b830f08a0326348a9160afafc8ada44db",
        "is_verified": false,
        "line_number": 285
      }
    ],
    ".env.agents": [
      {
        "type": "JSON Web Token",
        "filename": ".env.agents",
        "hashed_secret": "5c0da5244ec05c7428e911f92dde7cb25df0a5ce",
        "is_verified": false,
        "line_number": 9
      },
      {
        "type": "JSON Web Token",
        "filename": ".env.agents",
        "hashed_secret": "a6979d1e8c93334d65edf7ea4d3e3782e376e62e",
        "is_verified": false,
        "line_number": 10
      },
      {
        "type": "JSON Web Token",
        "filename": ".env.agents",
        "hashed_secret": "d26570f0d3c22b41c5c79b5e4ddbb3e84b209ca8",
        "is_verified": false,
        "line_number": 14
      },
      {
        "type": "JSON Web Token",
        "filename": ".env.agents",
        "hashed_secret": "4fa95358b9c0a446deeae44a8d18d4059c6e5c70",
        "is_verified": false,
        "line_number": 15
      },
      {
        "type": "JSON Web Token",
        "filename": ".env.agents",
        "hashed_secret": "33c99a658373fcb33185a8a35d54b9d45455cf03",
        "is_verified": false,
        "line_number": 19
      },
      {
        "type": "JSON Web Token",
        "filename": ".env.agents",
        "hashed_secret": "626669427ca0f4be95caceec1b26b51f5655ada4",
        "is_verified": false,
        "line_number": 20
      },
      {
        "type": "GitHub Token",
        "filename": ".env.agents",
        "hashed_secret": "e175c6f5f2a92e8623bd9a4820edb4e8c1b0fd10",
        "is_verified": false,
        "line_number": 23
      },
      {
        "type": "Stripe Access Key",
        "filename": ".env.agents",
        "hashed_secret": "e62a0291a191e327e0b459adde886ce9476d849d",
        "is_verified": false,
        "line_number": 30
      },
      {
        "type": "Telegram Bot Token",
        "filename": ".env.agents",
        "hashed_secret": "6a608d150fb8027ed49a61d82e0de6f544491388",
        "is_verified": true,
        "line_number": 37
      },
      {
        "type": "JSON Web Token",
        "filename": ".env.agents",
        "hashed_secret": "999f2429eab22f6ae95f40588d71fab7e63f213f",
        "is_verified": false,
        "line_number": 54
      },
      {
        "type": "JSON Web Token",
        "filename": ".env.agents",
        "hashed_secret": "82ae32dbc2373f3c92be9af39a1605f2eb1692b3",
        "is_verified": false,
        "line_number": 56
      },
      {
        "type": "JSON Web Token",
        "filename": ".env.agents",
        "hashed_secret": "a346fe1bab1dc341779a52d6ed914df77ba6ecec",
        "is_verified": false,
        "line_number": 97
      },
      {
        "type": "JSON Web Token",
        "filename": ".env.agents",
        "hashed_secret": "70ef4898c3b2b5d2c106ae0724a14ae1f49ccfb4",
        "is_verified": false,
        "line_number": 98
      },
      {
        "type": "JSON Web Token",
        "filename": ".env.agents",
        "hashed_secret": "1d93da6634fbc034856423e7ff30255a683f98ba",
        "is_verified": false,
        "line_number": 105
      }
    ],
    ".obsidian\\plugins\\homepage\\main.js": [
      {
        "type": "Hex High Entropy String",
        "filename": ".obsidian\\plugins\\homepage\\main.js",
        "hashed_secret": "0d7d34573bc9e4359ac762a76595200a868a2178",
        "is_verified": false,
        "line_number": 1
      },
      {
        "type": "Hex High Entropy String",
        "filename": ".obsidian\\plugins\\homepage\\main.js",
        "hashed_secret": "8d949e47e5a08551154ef70052f37c0d937331b1",
        "is_verified": false,
        "line_number": 1
      },
      {
        "type": "Hex High Entropy String",
        "filename": ".obsidian\\plugins\\homepage\\main.js",
        "hashed_secret": "e4cdc94a9d351962d2c15b5924e2086a787a53ba",
        "is_verified": false,
        "line_number": 1
      }
    ],
    ".obsidian\\plugins\\obsidian-git\\main.js": [
      {
        "type": "Hex High Entropy String",
        "filename": ".obsidian\\plugins\\obsidian-git\\main.js",
        "hashed_secret": "10a34637ad661d98ba3344717656fcc76209c2f8",
        "is_verified": false,
        "line_number": 10
      },
      {
        "type": "Hex High Entropy String",
        "filename": ".obsidian\\plugins\\obsidian-git\\main.js",
        "hashed_secret": "2c74b2b5a39b54beae7d7c0e994feb84693a3466",
        "is_verified": false,
        "line_number": 23
      },
      {
        "type": "Hex High Entropy String",
        "filename": ".obsidian\\plugins\\obsidian-git\\main.js",
        "hashed_secret": "6af4929e6772c40297994e4036906cefa4c92d01",
        "is_verified": false,
        "line_number": 91
      }
    ],
    ".obsidian\\plugins\\templater-obsidian\\main.js": [
      {
        "type": "Base64 High Entropy String",
        "filename": ".obsidian\\plugins\\templater-obsidian\\main.js",
        "hashed_secret": "e3984cf8d3e5e87a07a61c4a181596742ad43a17",
        "is_verified": false,
        "line_number": 12
      },
      {
        "type": "Base64 High Entropy String",
        "filename": ".obsidian\\plugins\\templater-obsidian\\main.js",
        "hashed_secret": "6403119e1ba137300c956c7a05f0fc2fcddb98ef",
        "is_verified": false,
        "line_number": 18
      }
    ],
    ".obsidian\\workspace.json": [
      {
        "type": "Hex High Entropy String",
        "filename": ".obsidian\\workspace.json",
        "hashed_secret": "82c1fb476282b320933a187a013773090afb7909",
        "is_verified": false,
        "line_number": 3
      },
      {
        "type": "Hex High Entropy String",
        "filename": ".obsidian\\workspace.json",
        "hashed_secret": "f7eaa62e248faf70578adb245abc49144c207e36",
        "is_verified": false,
        "line_number": 7
      },
      {
        "type": "Hex High Entropy String",
        "filename": ".obsidian\\workspace.json",
        "hashed_secret": "ea8143272717d5025e9957dac33ce6f7e87de3d0",
        "is_verified": false,
        "line_number": 11
      },
      {
        "type": "Hex High Entropy String",
        "filename": ".obsidian\\workspace.json",
        "hashed_secret": "6f6b4f819631ef8ae8c70e3eecfa102486811956",
        "is_verified": false,
        "line_number": 25
      },
      {
        "type": "Hex High Entropy String",
        "filename": ".obsidian\\workspace.json",
        "hashed_secret": "8628bc6eaddbe2fb621282c4e6a5bc7d01116444",
        "is_verified": false,
        "line_number": 41
      },
      {
        "type": "Hex High Entropy String",
        "filename": ".obsidian\\workspace.json",
        "hashed_secret": "796839330d66fe3d9a1e96661bdce11e9dcfc4b0",
        "is_verified": false,
        "line_number": 45
      },
      {
        "type": "Hex High Entropy String",
        "filename": ".obsidian\\workspace.json",
        "hashed_secret": "3d4a98ca1a3e601209f1bdcb75d9a9ec3301bb9d",
        "is_verified": false,
        "line_number": 62
      },
      {
        "type": "Hex High Entropy String",
        "filename": ".obsidian\\workspace.json",
        "hashed_secret": "0990d89cfd8668a1d371a6840867d58196222ef8",
        "is_verified": false,
        "line_number": 79
      },
      {
        "type": "Hex High Entropy String",
        "filename": ".obsidian\\workspace.json",
        "hashed_secret": "44e61c8e2192dfe7b3035d5639d56fc0b1df8f79",
        "is_verified": false,
        "line_number": 95
      },
      {
        "type": "Hex High Entropy String",
        "filename": ".obsidian\\workspace.json",
        "hashed_secret": "d8408e83ea613485fbfd908f0bdd46f6679774eb",
        "is_verified": false,
        "line_number": 99
      },
      {
        "type": "Hex High Entropy String",
        "filename": ".obsidian\\workspace.json",
        "hashed_secret": "9fd1ffafa053fe9cac44dc4e2bebe28503016527",
        "is_verified": false,
        "line_number": 103
      },
      {
        "type": "Hex High Entropy String",
        "filename": ".obsidian\\workspace.json",
        "hashed_secret": "0826108c5c57c04248f52d5f330fd94eec4832f6",
        "is_verified": false,
        "line_number": 149
      },
      {
        "type": "Hex High Entropy String",
        "filename": ".obsidian\\workspace.json",
        "hashed_secret": "59546384b0e58835a0b71436bca5cf0fe8680548",
        "is_verified": false,
        "line_number": 163
      }
    ],
    "APPS_CONTEXT\\GRITLY_MARKET_RESEARCH.json": [
      {
        "type": "Hex High Entropy String",
        "filename": "APPS_CONTEXT\\GRITLY_MARKET_RESEARCH.json",
        "hashed_secret": "8cb602e2ea52bc5c9ba6c17d1bdbac7dc0bba39f",
        "is_verified": false,
        "line_number": 8
      }
    ],
    "scripts\\windows_bootstrap.md": [
      {
        "type": "Base64 High Entropy String",
        "filename": "scripts\\windows_bootstrap.md",
        "hashed_secret": "2603b6f97b42a2c7f3ff7f0da4bbb505d6fc7ab1",
        "is_verified": false,
        "line_number": 61
      }
    ],
    "skills\\skill-creator\\eval-viewer\\viewer.html": [
      {
        "type": "Base64 High Entropy String",
        "filename": "skills\\skill-creator\\eval-viewer\\viewer.html",
        "hashed_secret": "9806cc8d4b9f35120264fbc2cb41344c76b331f7",
        "is_verified": false,
        "line_number": 10
      }
    ],
    "tmp\\ig_workflow_sdk.ts": [
      {
        "type": "Base64 High Entropy String",
        "filename": "tmp\\ig_workflow_sdk.ts",
        "hashed_secret": "b271bcfe729abd87c669078ed55714103c2a9281",
        "is_verified": false,
        "line_number": 3
      },
      {
        "type": "Base64 High Entropy String",
        "filename": "tmp\\ig_workflow_sdk.ts",
        "hashed_secret": "2be7c509daeb4dad2149cb3dc3a8bce01657107a",
        "is_verified": false,
        "line_number": 4
      },
      {
        "type": "Hex High Entropy String",
        "filename": "tmp\\ig_workflow_sdk.ts",
        "hashed_secret": "0962d5295e64c2c88a9577cef383ad274dcef9b8",
        "is_verified": false,
        "line_number": 5
      },
      {
        "type": "Secret Keyword",
        "filename": "tmp\\ig_workflow_sdk.ts",
        "hashed_secret": "0962d5295e64c2c88a9577cef383ad274dcef9b8",
        "is_verified": false,
        "line_number": 5
      }
    ],
    "tmp\\pulse_workflow.js": [
      {
        "type": "Base64 High Entropy String",
        "filename": "tmp\\pulse_workflow.js",
        "hashed_secret": "b271bcfe729abd87c669078ed55714103c2a9281",
        "is_verified": false,
        "line_number": 3
      },
      {
        "type": "Base64 High Entropy String",
        "filename": "tmp\\pulse_workflow.js",
        "hashed_secret": "2be7c509daeb4dad2149cb3dc3a8bce01657107a",
        "is_verified": false,
        "line_number": 4
      },
      {
        "type": "Hex High Entropy String",
        "filename": "tmp\\pulse_workflow.js",
        "hashed_secret": "0962d5295e64c2c88a9577cef383ad274dcef9b8",
        "is_verified": false,
        "line_number": 5
      },
      {
        "type": "Secret Keyword",
        "filename": "tmp\\pulse_workflow.js",
        "hashed_secret": "0962d5295e64c2c88a9577cef383ad274dcef9b8",
        "is_verified": false,
        "line_number": 5
      }
    ]
  },
  "generated_at": "2026-04-18T06:01:38Z"
}
